  Base.cpp
  Camera.cpp
  Clear.cpp
  Game.cpp
  Ground.cpp
  Hit.cpp
  Main.cpp
  Random.cpp
  Stage.cpp
F:\Work\MY★SoftwarePortfolio\Projects\RESEARCH\4DEV 「ユニ★アーカイブ」 2019 Legacy. Windows Palette\src\Stage.cpp(614,3): warning C4996: 'sprintf': This function or variable may be unsafe. Consider using sprintf_s instead. To disable deprecation, use _CRT_SECURE_NO_WARNINGS. See online help for details.
F:\Work\MY★SoftwarePortfolio\Projects\RESEARCH\4DEV 「ユニ★アーカイブ」 2019 Legacy. Windows Palette\src\Stage.cpp(710,3): warning C4996: 'sprintf': This function or variable may be unsafe. Consider using sprintf_s instead. To disable deprecation, use _CRT_SECURE_NO_WARNINGS. See online help for details.
F:\Work\MY★SoftwarePortfolio\Projects\RESEARCH\4DEV 「ユニ★アーカイブ」 2019 Legacy. Windows Palette\src\Stage.cpp(732,3): warning C4996: 'sprintf': This function or variable may be unsafe. Consider using sprintf_s instead. To disable deprecation, use _CRT_SECURE_NO_WARNINGS. See online help for details.
F:\Work\MY★SoftwarePortfolio\Projects\RESEARCH\4DEV 「ユニ★アーカイブ」 2019 Legacy. Windows Palette\src\Stage.cpp(769,3): warning C4996: 'sprintf': This function or variable may be unsafe. Consider using sprintf_s instead. To disable deprecation, use _CRT_SECURE_NO_WARNINGS. See online help for details.
F:\Work\MY★SoftwarePortfolio\Projects\RESEARCH\4DEV 「ユニ★アーカイブ」 2019 Legacy. Windows Palette\src\Stage.cpp(773,3): warning C4996: 'sprintf': This function or variable may be unsafe. Consider using sprintf_s instead. To disable deprecation, use _CRT_SECURE_NO_WARNINGS. See online help for details.
F:\Work\MY★SoftwarePortfolio\Projects\RESEARCH\4DEV 「ユニ★アーカイブ」 2019 Legacy. Windows Palette\src\Stage.cpp(1050,14): warning C4996: 'fopen': This function or variable may be unsafe. Consider using fopen_s instead. To disable deprecation, use _CRT_SECURE_NO_WARNINGS. See online help for details.
F:\Work\MY★SoftwarePortfolio\Projects\RESEARCH\4DEV 「ユニ★アーカイブ」 2019 Legacy. Windows Palette\src\Stage.cpp(1061,14): warning C4996: 'fopen': This function or variable may be unsafe. Consider using fopen_s instead. To disable deprecation, use _CRT_SECURE_NO_WARNINGS. See online help for details.
F:\Work\MY★SoftwarePortfolio\Projects\RESEARCH\4DEV 「ユニ★アーカイブ」 2019 Legacy. Windows Palette\src\Stage.cpp(1133,14): warning C4996: 'fopen': This function or variable may be unsafe. Consider using fopen_s instead. To disable deprecation, use _CRT_SECURE_NO_WARNINGS. See online help for details.
F:\Work\MY★SoftwarePortfolio\Projects\RESEARCH\4DEV 「ユニ★アーカイブ」 2019 Legacy. Windows Palette\src\Stage.cpp(1140,4): warning C4996: 'sscanf': This function or variable may be unsafe. Consider using sscanf_s instead. To disable deprecation, use _CRT_SECURE_NO_WARNINGS. See online help for details.
F:\Work\MY★SoftwarePortfolio\Projects\RESEARCH\4DEV 「ユニ★アーカイブ」 2019 Legacy. Windows Palette\src\Stage.cpp(1156,14): warning C4996: 'fopen': This function or variable may be unsafe. Consider using fopen_s instead. To disable deprecation, use _CRT_SECURE_NO_WARNINGS. See online help for details.
F:\Work\MY★SoftwarePortfolio\Projects\RESEARCH\4DEV 「ユニ★アーカイブ」 2019 Legacy. Windows Palette\src\Stage.cpp(2184,87): warning C4244: '引数': 'float' から 'int' への変換です。データが失われる可能性があります。
F:\Work\MY★SoftwarePortfolio\Projects\RESEARCH\4DEV 「ユニ★アーカイブ」 2019 Legacy. Windows Palette\src\Stage.cpp(2199,83): warning C4244: '引数': 'float' から 'int' への変換です。データが失われる可能性があります。
F:\Work\MY★SoftwarePortfolio\Projects\RESEARCH\4DEV 「ユニ★アーカイブ」 2019 Legacy. Windows Palette\src\Stage.cpp(2215,87): warning C4244: '引数': 'float' から 'int' への変換です。データが失われる可能性があります。
F:\Work\MY★SoftwarePortfolio\Projects\RESEARCH\4DEV 「ユニ★アーカイブ」 2019 Legacy. Windows Palette\src\Stage.cpp(2222,27): warning C4244: '初期化中': 'double' から 'float' への変換です。データが失われる可能性があります。
F:\Work\MY★SoftwarePortfolio\Projects\RESEARCH\4DEV 「ユニ★アーカイブ」 2019 Legacy. Windows Palette\src\Stage.cpp(2451,78): warning C4244: '引数': 'float' から 'int' への変換です。データが失われる可能性があります。
F:\Work\MY★SoftwarePortfolio\Projects\RESEARCH\4DEV 「ユニ★アーカイブ」 2019 Legacy. Windows Palette\src\Stage.cpp(2451,67): warning C4244: '引数': 'float' から 'int' への変換です。データが失われる可能性があります。
F:\Work\MY★SoftwarePortfolio\Projects\RESEARCH\4DEV 「ユニ★アーカイブ」 2019 Legacy. Windows Palette\src\Stage.cpp(2451,56): warning C4244: '引数': 'float' から 'int' への変換です。データが失われる可能性があります。
F:\Work\MY★SoftwarePortfolio\Projects\RESEARCH\4DEV 「ユニ★アーカイブ」 2019 Legacy. Windows Palette\src\Stage.cpp(2451,45): warning C4244: '引数': 'float' から 'int' への変換です。データが失われる可能性があります。
  Title.cpp
  Vector2.cpp
  Vector3.cpp
  コードを生成中...
  サンプル.vcxproj -> F:\Work\MY★SoftwarePortfolio\Projects\RESEARCH\4DEV 「ユニ★アーカイブ」 2019 Legacy. Windows Palette\Debug\サンプル.exe
